// Vitest Snapshot v1, https://vitest.dev/guide/snapshot.html

exports[`IndexPage.vue > should match snapshot 1`] = `""`;
