// Vitest Snapshot v1, https://vitest.dev/guide/snapshot.html

exports[`Drawer > should match snapshot 1`] = `""`;
