// Vitest Snapshot v1, https://vitest.dev/guide/snapshot.html

exports[`NotFoundPage.vue > should match snapshot 1`] = `
"<div class="fullscreen bg-blue text-white text-center q-pa-md flex flex-center">
  <div>
    <div style="font-size: 30vh;">404</div>
    <div class="text-h2" style="opacity: 0.4;">error.not_found.title</div><button class="q-btn q-btn-item non-selectable no-outline q-btn--unelevated q-btn--rectangle bg-white text-blue q-btn--actionable q-focusable q-hoverable q-btn--no-uppercase q-mt-xl" tabindex="0" type="button"><span class="q-focus-helper"></span><span class="q-btn__content text-center col items-center q-anchor--skip justify-center row"><span class="block">error.not_found.button</span></span></button>
  </div>
</div>"
`;
